{
    "fecha": "2026-08-26 21:09:09",
    "evento": "transaction.updated",
    "transaccion_id": "12165671-1787778546-18904",
    "referencia": "CALZA-20260826210436-9904",
    "estado": "ERROR",
    "monto_centavos": 15000000
}

{
    "fecha": "2026-08-26 21:16:27",
    "evento": "transaction.updated",
    "transaccion_id": "12165671-1787778985-56533",
    "referencia": "CALZA-20260826211552-6913",
    "estado": "APPROVED",
    "monto_centavos": 15000000
}

{
    "fecha": "2026-08-26 21:46:28",
    "evento": "transaction.updated",
    "transaccion_id": "12165671-1787778985-56533",
    "referencia": "CALZA-20260826211552-6913",
    "estado": "APPROVED",
    "monto_centavos": 15000000
}

{
    "fecha": "2026-08-27 14:02:26",
    "evento": "transaction.updated",
    "transaccion_id": "12165671-1787839343-55395",
    "referencia": "CALZA-20260827140146-8064",
    "estado": "APPROVED",
    "monto_centavos": 30000000
}

{
    "fecha": "2026-08-27 14:30:09",
    "evento": "transaction.updated",
    "transaccion_id": "12165671-1787841006-55478",
    "referencia": "CALZA-20260827142938-3573",
    "estado": "APPROVED",
    "monto_centavos": 30000000
}

{
    "fecha": "2026-08-27 14:32:30",
    "evento": "transaction.updated",
    "transaccion_id": "12165671-1787839343-55395",
    "referencia": "CALZA-20260827140146-8064",
    "estado": "APPROVED",
    "monto_centavos": 30000000
}

{
    "fecha": "2026-08-27 14:55:38",
    "evento": "transaction.updated",
    "transaccion_id": "12165671-1787842536-94099",
    "referencia": "CALZA-20260827145508-2780",
    "estado": "APPROVED",
    "monto_centavos": 15000000
}

{
    "fecha": "2026-08-27 15:00:11",
    "evento": "transaction.updated",
    "transaccion_id": "12165671-1787841006-55478",
    "referencia": "CALZA-20260827142938-3573",
    "estado": "APPROVED",
    "monto_centavos": 30000000
}

{
    "fecha": "2026-08-27 20:27:15",
    "evento": "transaction.updated",
    "transaccion_id": "12165671-1787862431-75819",
    "referencia": "CALZA-20260827202645-1240",
    "estado": "APPROVED",
    "monto_centavos": 15000000
}

{
    "fecha": "2026-08-27 20:57:18",
    "evento": "transaction.updated",
    "transaccion_id": "12165671-1787862431-75819",
    "referencia": "CALZA-20260827202645-1240",
    "estado": "APPROVED",
    "monto_centavos": 15000000
}

{
    "fecha": "2026-08-27 22:13:15",
    "evento": "transaction.updated",
    "transaccion_id": "12165671-1787868792-66061",
    "referencia": "CALZA-20260827221254-1445",
    "estado": "APPROVED",
    "monto_centavos": 15000000
}

{
    "fecha": "2026-08-27 22:43:16",
    "evento": "transaction.updated",
    "transaccion_id": "12165671-1787868792-66061",
    "referencia": "CALZA-20260827221254-1445",
    "estado": "APPROVED",
    "monto_centavos": 15000000
}

{
    "fecha": "2026-08-28 14:42:42",
    "evento": "transaction.updated",
    "transaccion_id": "12165671-1787928159-57372",
    "referencia": "CALZA-20260828144205-1550",
    "estado": "APPROVED",
    "monto_centavos": 15000000
}

{
    "fecha": "2026-08-28 15:12:46",
    "evento": "transaction.updated",
    "transaccion_id": "12165671-1787928159-57372",
    "referencia": "CALZA-20260828144205-1550",
    "estado": "APPROVED",
    "monto_centavos": 15000000
}

{
    "fecha": "2026-08-28 21:06:08",
    "evento": "transaction.updated",
    "transaccion_id": "12165671-1787951161-59960",
    "referencia": "CALZA-20260828210541-4292",
    "estado": "APPROVED",
    "monto_centavos": 15000000
}

{
    "fecha": "2026-08-28 21:06:08",
    "evento": "transaction.updated",
    "transaccion_id": "12165671-1787951161-59960",
    "referencia": "CALZA-20260828210541-4292",
    "estado": "APPROVED",
    "monto_centavos": 15000000
}

{
    "fecha": "2026-08-28 21:06:13",
    "evento": "transaction.updated",
    "transaccion_id": "12165671-1787951161-59960",
    "referencia": "CALZA-20260828210541-4292",
    "estado": "APPROVED",
    "monto_centavos": 15000000
}

{
    "fecha": "2026-08-28 21:06:14",
    "evento": "transaction.updated",
    "transaccion_id": "12165671-1787951161-59960",
    "referencia": "CALZA-20260828210541-4292",
    "estado": "APPROVED",
    "monto_centavos": 15000000
}

{
    "fecha": "2026-08-29 22:38:36",
    "evento": "transaction.updated",
    "transaccion_id": "12165671-1788043117-24219",
    "referencia": "CALZA-20260829223810-6170",
    "estado": "APPROVED",
    "monto_centavos": 15000000
}

{
    "fecha": "2026-08-29 22:38:40",
    "evento": "transaction.updated",
    "transaccion_id": "12165671-1788043117-24219",
    "referencia": "CALZA-20260829223810-6170",
    "estado": "APPROVED",
    "monto_centavos": 15000000
}

{
    "fecha": "2026-08-29 22:38:43",
    "evento": "transaction.updated",
    "transaccion_id": "12165671-1788043117-24219",
    "referencia": "CALZA-20260829223810-6170",
    "estado": "APPROVED",
    "monto_centavos": 15000000
}

{
    "fecha": "2026-08-29 22:38:46",
    "evento": "transaction.updated",
    "transaccion_id": "12165671-1788043117-24219",
    "referencia": "CALZA-20260829223810-6170",
    "estado": "APPROVED",
    "monto_centavos": 15000000
}

{
    "fecha": "2026-08-30 23:33:00",
    "evento": "transaction.updated",
    "transaccion_id": "12165671-1788132777-52445",
    "referencia": "CALZA-20260830233240-6681",
    "estado": "APPROVED",
    "monto_centavos": 15000000
}

